GIT e GitHub

- Controle de Versão.
- Armazenamento em numvem.
- Trabalho em equipe.
- Melhorar seu código.
- Reconhecimento.

GUI X CLI
- cd = cd / pra ir pro C
- dir = lista de diretórios na pasta em questão
- mkdir
- del/rmdir
- cls limpa tela
 
 
 rmdir workspace /S /Q
 
Tópicos fundamentais para entender o funcionamento do Git
- SHA1
Algoritmo de Hash Seguro - Conjunto de caracteres de 40 digitos.
openssl sha1
$ openssl sha1 Mapeamento.txt

$ echo 'conteudo' | git hash-object --stdin
$ echo -e 'blob 9\0conteudo' | openssl sha1

- Objetos fundamentais
Blobs
Trees
Commits

- Sistema distribuído
- Segurança

Chavez SSh e Tokens

ssh-keygen -t ed25519 -C willian.marconato@bsoft.email

$ cd /c/Users/MARCONATO/.ssh/

$ cat id_ed25519.pub

$ eval $(ssh-agent -s)
Agent pid 2073

$ ssh-add id_ed25519

Token GitHub
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


Criando um commit
- git init - Cria o repositório

- git add
- git commit



$ git config --global user.email "willian.marconato@bsoft.email"
$ git config --global user.name marconato


$ git add *
$ git commit -m "commit inicial"


MARCONATO@MARCONATO MINGW64 /c/teste/livro-receitas (master)
$ mkdir receitas

MARCONATO@MARCONATO MINGW64 /c/teste/livro-receitas (master)
$ ls
Strogonoff.html  receitas/

MARCONATO@MARCONATO MINGW64 /c/teste/livro-receitas (master)
$ mv Strogonoff.html ./receitas/

MARCONATO@MARCONATO MINGW64 /c/teste/livro-receitas (master)
$

MARCONATO@MARCONATO MINGW64 /c/teste/livro-receitas (master)
$ ls
receitas/

MARCONATO@MARCONATO MINGW64 /c/teste/livro-receitas (master)
$ cd receitas/

MARCONATO@MARCONATO MINGW64 /c/teste/livro-receitas/receitas (master)
$ ls
Strogonoff.html

MARCONATO@MARCONATO MINGW64 /c/teste/livro-receitas/receitas (master)
$ cd ..

MARCONATO@MARCONATO MINGW64 /c/teste/livro-receitas (master)
$ ls
receitas/

MARCONATO@MARCONATO MINGW64 /c/teste/livro-receitas (master)
$ git status
On branch master
Changes not staged for commit:
  (use "git add/rm <file>..." to update what will be committed)
  (use "git restore <file>..." to discard changes in working directory)
        deleted:    Strogonoff.html

Untracked files:
  (use "git add <file>..." to include in what will be committed)
        receitas/

no changes added to commit (use "git add" and/or "git commit -a")

MARCONATO@MARCONATO MINGW64 /c/teste/livro-receitas (master)
$ git add Strogonoff.html receitas/

MARCONATO@MARCONATO MINGW64 /c/teste/livro-receitas (master)
$ git status
On branch master
Changes to be committed:
  (use "git restore --staged <file>..." to unstage)
        renamed:    Strogonoff.html -> receitas/Strogonoff.html


MARCONATO@MARCONATO MINGW64 /c/teste/livro-receitas (master)
$ git commit -m "criação apsta receitas, move arquivo rpa receitas"
[master c7e621a] criação apsta receitas, move arquivo rpa receitas
 1 file changed, 1 insertion(+)
 rename Strogonoff.html => receitas/Strogonoff.html (92%)

MARCONATO@MARCONATO MINGW64 /c/teste/livro-receitas (master)
$ git status
On branch master
nothing to commit, working tree clean

MARCONATO@MARCONATO MINGW64 /c/teste/livro-receitas (master)
$ echo > README.html

MARCONATO@MARCONATO MINGW64 /c/teste/livro-receitas (master)
$ ls
README.html  receitas/

MARCONATO@MARCONATO MINGW64 /c/teste/livro-receitas (master)
$ git status
On branch master
Untracked files:
  (use "git add <file>..." to include in what will be committed)
        README.html

nothing added to commit but untracked files present (use "git add" to track)

MARCONATO@MARCONATO MINGW64 /c/teste/livro-receitas (master)
$ git status
On branch master
Untracked files:
  (use "git add <file>..." to include in what will be committed)
        README.html

nothing added to commit but untracked files present (use "git add" to track)

MARCONATO@MARCONATO MINGW64 /c/teste/livro-receitas (master)
$ git add *
warning: LF will be replaced by CRLF in README.html.
The file will have its original line endings in your working directory

MARCONATO@MARCONATO MINGW64 /c/teste/livro-receitas (master)
$ ls
README.html  receitas/

MARCONATO@MARCONATO MINGW64 /c/teste/livro-receitas (master)
$ git status
On branch master
Changes to be committed:
  (use "git restore --staged <file>..." to unstage)
        new file:   README.html


MARCONATO@MARCONATO MINGW64 /c/teste/livro-receitas (master)
$ git commit -m "adicionar Index"
[master fde20a6] adicionar Index
 1 file changed, 5 insertions(+)
 create mode 100644 README.html


git pull origin master  >>> puxar pra resolver conflito

git push origin master >>>enviar pro github

na raiz...
$ git clone https://github.com/laravel/laravel.git


$ git remote -v
origin  https://github.com/laravel/laravel.git (fetch)
origin  https://github.com/laravel/laravel.git (push)




----------------//-------------------------
MARCONATO@MARCONATO MINGW64 /c/teste/DIO
$ git clone https://github.com/WillianMarconato/dio-desafio-github-primeiro-repositorio.git
Cloning into 'dio-desafio-github-primeiro-repositorio'...
remote: Enumerating objects: 6, done.
remote: Counting objects: 100% (6/6), done.
remote: Compressing objects: 100% (4/4), done.
remote: Total 6 (delta 0), reused 0 (delta 0), pack-reused 0
Receiving objects: 100% (6/6), done.

MARCONATO@MARCONATO MINGW64 /c/teste/DIO
$ cd dio-desafio-github-primeiro-repositorio/

MARCONATO@MARCONATO MINGW64 /c/teste/DIO/dio-desafio-github-primeiro-repositorio (main)
$ ls
README.md

MARCONATO@MARCONATO MINGW64 /c/teste/DIO/dio-desafio-github-primeiro-repositorio (main)
$ git status
On branch main
Your branch is up to date with 'origin/main'.

nothing to commit, working tree clean

MARCONATO@MARCONATO MINGW64 /c/teste/DIO/dio-desafio-github-primeiro-repositorio (main)
$ git status
On branch main
Your branch is up to date with 'origin/main'.

Untracked files:
  (use "git add <file>..." to include in what will be committed)
        "Introdu\303\247\303\243o ao Git e ao GitHub/"

nothing added to commit but untracked files present (use "git add" to track)

MARCONATO@MARCONATO MINGW64 /c/teste/DIO/dio-desafio-github-primeiro-repositorio (main)
$ git add .

MARCONATO@MARCONATO MINGW64 /c/teste/DIO/dio-desafio-github-primeiro-repositorio (main)
$ git status
On branch main
Your branch is up to date with 'origin/main'.

Changes to be committed:
  (use "git restore --staged <file>..." to unstage)
        new file:   "Introdu\303\247\303\243o ao Git e ao GitHub/Comandos Uteis.txt"


MARCONATO@MARCONATO MINGW64 /c/teste/DIO/dio-desafio-github-primeiro-repositorio (main)
$ git commit -m "Inclusão das Anotações do curso Git/GitHub"
[main 6ff7298] Inclusão das Anotações do curso Git/GitHub
 1 file changed, 228 insertions(+)
 create mode 100644 "Introdu\303\247\303\243o ao Git e ao GitHub/Comandos Uteis.txt"

MARCONATO@MARCONATO MINGW64 /c/teste/DIO/dio-desafio-github-primeiro-repositorio (main)
$ git status
On branch main
Your branch is ahead of 'origin/main' by 1 commit.
  (use "git push" to publish your local commits)

nothing to commit, working tree clean

MARCONATO@MARCONATO MINGW64 /c/teste/DIO/dio-desafio-github-primeiro-repositorio (main)
$ git push origin main
Enumerating objects: 5, done.
Counting objects: 100% (5/5), done.
Delta compression using up to 4 threads
Compressing objects: 100% (3/3), done.
Writing objects: 100% (4/4), 1.74 KiB | 889.00 KiB/s, done.
Total 4 (delta 0), reused 0 (delta 0), pack-reused 0
To https://github.com/WillianMarconato/dio-desafio-github-primeiro-repositorio.git
   72170ff..6ff7298  main -> main


------------------------//-------------------------------------

Utilizados no Desafio

MARCONATO@MARCONATO MINGW64 /d/Bootcamp Fullstack Developer (master)
$ git status
On branch master
Changes not staged for commit:
  (use "git add <file>..." to update what will be committed)
  (use "git restore <file>..." to discard changes in working directory)
  (commit or discard the untracked or modified content in submodules)
        modified:   Eduzz-Fullstack-Developer-3 (untracked content)

no changes added to commit (use "git add" and/or "git commit -a")

MARCONATO@MARCONATO MINGW64 /d/Bootcamp Fullstack Developer (master)
$ git add .

MARCONATO@MARCONATO MINGW64 /d/Bootcamp Fullstack Developer (master)
$ git status
On branch master
Changes not staged for commit:
  (use "git add <file>..." to update what will be committed)
  (use "git restore <file>..." to discard changes in working directory)
  (commit or discard the untracked or modified content in submodules)
        modified:   Eduzz-Fullstack-Developer-3 (untracked content)

no changes added to commit (use "git add" and/or "git commit -a")

MARCONATO@MARCONATO MINGW64 /d/Bootcamp Fullstack Developer (master)
$ git add *

MARCONATO@MARCONATO MINGW64 /d/Bootcamp Fullstack Developer (master)
$ git status
On branch master
Changes not staged for commit:
  (use "git add <file>..." to update what will be committed)
  (use "git restore <file>..." to discard changes in working directory)
  (commit or discard the untracked or modified content in submodules)
        modified:   Eduzz-Fullstack-Developer-3 (untracked content)

no changes added to commit (use "git add" and/or "git commit -a")

MARCONATO@MARCONATO MINGW64 /d/Bootcamp Fullstack Developer (master)
$ git commit -m "Criação das pastas"
On branch master
Changes not staged for commit:
  (use "git add <file>..." to update what will be committed)
  (use "git restore <file>..." to discard changes in working directory)
  (commit or discard the untracked or modified content in submodules)
        modified:   Eduzz-Fullstack-Developer-3 (untracked content)

no changes added to commit (use "git add" and/or "git commit -a")

MARCONATO@MARCONATO MINGW64 /d/Bootcamp Fullstack Developer (master)
$ git init
Reinitialized existing Git repository in D:/Bootcamp Fullstack Developer/.git/

MARCONATO@MARCONATO MINGW64 /d/Bootcamp Fullstack Developer (master)
$ git status
On branch master
Changes not staged for commit:
  (use "git add <file>..." to update what will be committed)
  (use "git restore <file>..." to discard changes in working directory)
  (commit or discard the untracked or modified content in submodules)
        modified:   Eduzz-Fullstack-Developer-3 (untracked content)

no changes added to commit (use "git add" and/or "git commit -a")

MARCONATO@MARCONATO MINGW64 /d/Bootcamp Fullstack Developer (master)
$ git add *

MARCONATO@MARCONATO MINGW64 /d/Bootcamp Fullstack Developer (master)
$ git status
On branch master
Changes not staged for commit:
  (use "git add <file>..." to update what will be committed)
  (use "git restore <file>..." to discard changes in working directory)
  (commit or discard the untracked or modified content in submodules)
        modified:   Eduzz-Fullstack-Developer-3 (untracked content)

no changes added to commit (use "git add" and/or "git commit -a")

MARCONATO@MARCONATO MINGW64 /d/Bootcamp Fullstack Developer (master)
$ cd Eduzz-Fullstack-Developer-3/

MARCONATO@MARCONATO MINGW64 /d/Bootcamp Fullstack Developer/Eduzz-Fullstack-Developer-3 (main)
$ git status
On branch main
Your branch is up to date with 'origin/main'.

Untracked files:
  (use "git add <file>..." to include in what will be committed)
        Git e GitHub/
        Scrum/

nothing added to commit but untracked files present (use "git add" to track)

MARCONATO@MARCONATO MINGW64 /d/Bootcamp Fullstack Developer/Eduzz-Fullstack-Developer-3 (main)
$ git add *

MARCONATO@MARCONATO MINGW64 /d/Bootcamp Fullstack Developer/Eduzz-Fullstack-Developer-3 (main)
$ git status
On branch main
Your branch is up to date with 'origin/main'.

Changes to be committed:
  (use "git restore --staged <file>..." to unstage)
        new file:   Git e GitHub/Comandos Uteis.txt
        new file:   "Scrum/Curso r\303\241pido de Scrum.txt"


MARCONATO@MARCONATO MINGW64 /d/Bootcamp Fullstack Developer/Eduzz-Fullstack-Developer-3 (main)
$ git commit -m "Criação das Pastas"
[main 04d2287] Criação das Pastas
 2 files changed, 403 insertions(+)
 create mode 100644 Git e GitHub/Comandos Uteis.txt
 create mode 100644 "Scrum/Curso r\303\241pido de Scrum.txt"

MARCONATO@MARCONATO MINGW64 /d/Bootcamp Fullstack Developer/Eduzz-Fullstack-Developer-3 (main)
$ git push origin main
Enumerating objects: 7, done.
Counting objects: 100% (7/7), done.
Delta compression using up to 4 threads
Compressing objects: 100% (5/5), done.
Writing objects: 100% (6/6), 3.82 KiB | 1.91 MiB/s, done.
Total 6 (delta 0), reused 0 (delta 0), pack-reused 0
To https://github.com/WillianMarconato/Eduzz-Fullstack-Developer-3.git
   5f05f48..04d2287  main -> main

MARCONATO@MARCONATO MINGW64 /d/Bootcamp Fullstack Developer/Eduzz-Fullstack-Developer-3 (main)
$ git status
On branch main
Your branch is up to date with 'origin/main'.

nothing to commit, working tree clean



























